2026-10-08T20:01:54.601Z - success: protocol editor-framework registered
2026-10-08T20:01:54.601Z - success: protocol app registered
2026-10-08T20:01:54.601Z - success: protocol theme registered
2026-10-08T20:01:54.601Z - success: protocol packages registered
2026-10-08T20:01:54.611Z - normal: Load ~/.CocosCreator/settings.json
2026-10-08T20:01:54.621Z - success: protocol uuid registerred
2026-10-08T20:01:54.621Z - success: protocol db registerred
2026-10-08T20:01:54.621Z - success: protocol thumbnail registerred
2026-10-08T20:01:54.665Z - normal: Initializing Asset Database
2026-10-08T20:01:54.667Z - normal: checking language setting...
2026-10-08T20:01:54.667Z - normal: Language: en
2026-10-08T20:01:54.668Z - success: protocol unpack registerred
2026-10-08T20:01:54.668Z - success: protocol disable-commonjs registerred
2026-10-08T20:01:57.788Z - normal: failed to connect login server due to request timeout
2026-10-08T20:01:57.790Z - normal: Check project /Users/mayank/code/github.com/maxc0d3r/musings
2026-10-08T20:01:57.792Z - normal: Initializing project /Users/mayank/code/github.com/maxc0d3r/musings
2026-10-08T20:01:57.928Z - success: adapters loaded
2026-10-08T20:01:57.930Z - success: asset-db-debugger loaded
2026-10-08T20:01:57.968Z - success: fb-audience-network loaded
2026-10-08T20:01:57.989Z - success: fb-live-stream loaded
2026-10-08T20:01:57.990Z - success: google-play-instant loaded
2026-10-08T20:01:57.990Z - success: jsb-adapter loaded
2026-10-08T20:01:57.993Z - success: package-manager loaded
2026-10-08T20:01:57.993Z - success: runtime-adapters loaded
2026-10-08T20:01:57.994Z - success: runtime-dev-tools loaded
2026-10-08T20:01:57.996Z - success: ui-kit-preview-extra loaded
2026-10-08T20:01:57.998Z - success: ui-kit-preview loaded
2026-10-08T20:01:58.441Z - success: alipay-minigame loaded
2026-10-08T20:01:58.446Z - success: assets loaded
2026-10-08T20:01:58.448Z - success: baidugame-opendata loaded
2026-10-08T20:01:58.449Z - success: baidugame loaded
2026-10-08T20:01:58.451Z - success: builder loaded
2026-10-08T20:01:58.453Z - success: bytedance-opendata loaded
2026-10-08T20:01:58.454Z - success: bytedance loaded
2026-10-08T20:01:58.456Z - success: channel-upload-tools loaded
2026-10-08T20:01:58.534Z - success: cloud-function loaded
2026-10-08T20:01:58.652Z - success: cocos-services loaded
2026-10-08T20:01:58.655Z - success: console loaded
2026-10-08T20:01:58.656Z - success: curve-editor loaded
2026-10-08T20:01:58.663Z - success: fb-instant-games loaded
2026-10-08T20:01:58.666Z - success: game-window loaded
2026-10-08T20:01:58.667Z - success: google-instant-games loaded
2026-10-08T20:01:58.670Z - success: harmonyos-next loaded
2026-10-08T20:01:58.673Z - success: hierarchy loaded
2026-10-08T20:01:58.677Z - success: honor-minigame loaded
2026-10-08T20:01:58.678Z - success: huawei-agc loaded
2026-10-08T20:01:58.681Z - success: huawei-runtime loaded
2026-10-08T20:01:58.683Z - success: inspector loaded
2026-10-08T20:01:58.695Z - success: cpk-publish loaded
2026-10-08T20:01:58.696Z - success: keystore loaded
2026-10-08T20:01:58.706Z - success: link-sure-runtime loaded
2026-10-08T20:01:58.715Z - success: migu-runtime loaded
2026-10-08T20:01:58.722Z - success: node-library loaded
2026-10-08T20:01:58.723Z - success: open-recent-items loaded
2026-10-08T20:01:58.725Z - success: oppo-runtime loaded
2026-10-08T20:01:58.727Z - success: package-asset loaded
2026-10-08T20:01:58.728Z - success: preferences loaded
2026-10-08T20:01:58.731Z - success: project-importer loaded
2026-10-08T20:01:58.733Z - success: project-settings loaded
2026-10-08T20:01:58.742Z - success: qtt-runtime loaded
2026-10-08T20:01:58.745Z - success: scene loaded
2026-10-08T20:01:58.745Z - success: simulator-debugger loaded
2026-10-08T20:01:58.746Z - success: sprite-editor loaded
2026-10-08T20:01:58.788Z - success: store loaded
2026-10-08T20:01:58.790Z - success: taobao-creativeapp loaded
2026-10-08T20:01:58.791Z - success: taobao-minigame loaded
2026-10-08T20:01:58.795Z - success: timeline loaded
2026-10-08T20:01:58.798Z - success: vivo-runtime loaded
2026-10-08T20:01:58.800Z - success: wechatgame-opendata loaded
2026-10-08T20:01:58.802Z - success: wechatgame loaded
2026-10-08T20:01:58.806Z - success: xiaomi-runtime loaded
2026-10-08T20:01:58.846Z - success: im-plugin loaded
2026-10-08T20:01:58.847Z - success: preview server running at http://localhost:7456
2026-10-08T20:01:59.409Z - normal: Initializing Cocos2d
2026-10-08T20:01:59.586Z - normal: Initializing engine extends
2026-10-08T20:02:03.827Z - info: Cocos Service load base data!
2026-10-08T20:02:04.238Z - normal: Loading packages
2026-10-08T20:02:04.240Z - normal: Run Application
2026-10-08T20:02:08.380Z - success: cloud-function unloaded
2026-10-08T20:17:00.148Z - error: scene not saved. Please build project after saveing project.
    at /Applications/Cocos/Creator/2.4.15/CocosCreator.app/Contents/Resources/app.asar/editor/builtin/builder/panel/builder.ccc:1:11288
    at EventEmitter.<anonymous> (/Applications/Cocos/Creator/2.4.15/CocosCreator.app/Contents/Resources/app.asar/editor-framework/lib/renderer/ipc.ccc:1:3652)
    at EventEmitter.emit (events.js:315:20)
    at Object.onMessage (electron/js2c/renderer_init.js:93:1117)
2026-10-08T20:17:54.580Z - normal: Start building with options : {
  "title": "musings",
  "packageName": "org.cocos2d.demo",
  "startScene": "809375a9-3539-4d99-8907-4e0bb59ffc70",
  "excludeScenes": [],
  "orientation": {
    "landscapeRight": true,
    "landscapeLeft": true,
    "portrait": false,
    "upsideDown": false
  },
  "webOrientation": "auto",
  "inlineSpriteFrames": true,
  "inlineSpriteFrames_native": true,
  "mainCompressionType": "default",
  "mainIsRemote": false,
  "optimizeHotUpdate": false,
  "md5Cache": true,
  "encryptJs": true,
  "xxteaKey": "05ca506d-f95f-4d",
  "zipCompressJs": true,
  "fb-instant-games": {},
  "android": {
    "packageName": "org.cocos2d.demo",
    "REMOTE_SERVER_ROOT": ""
  },
  "ios": {
    "packageName": "org.cocos2d.demo",
    "REMOTE_SERVER_ROOT": "",
    "ios_enable_jit": true
  },
  "mac": {
    "packageName": "org.cocos2d.demo",
    "REMOTE_SERVER_ROOT": "",
    "width": 1280,
    "height": 720
  },
  "win32": {
    "REMOTE_SERVER_ROOT": "",
    "width": 1280,
    "height": 720
  },
  "android-instant": {
    "packageName": "org.cocos2d.demo",
    "REMOTE_SERVER_ROOT": "",
    "pathPattern": "",
    "scheme": "https",
    "host": "",
    "skipRecord": false,
    "recordPath": ""
  },
  "harmonyos-next": {
    "packageName": "org.cocos2d.demo",
    "REMOTE_SERVER_ROOT": "",
    "jsEngine": "JSVM"
  },
  "appBundle": false,
  "agreements": {},
  "platform": "ios",
  "actualPlatform": "ios",
  "template": "link",
  "buildPath": "/Users/mayank/code/github.com/maxc0d3r/musings/build",
  "debug": true,
  "sourceMaps": true,
  "embedWebDebugger": false,
  "previewWidth": "1280",
  "previewHeight": "720",
  "useDebugKeystore": true,
  "apiLevel": "",
  "appABIs": [],
  "vsVersion": "auto",
  "buildScriptsOnly": false,
  "dest": "/Users/mayank/code/github.com/maxc0d3r/musings/build/jsb-link",
  "separateEngineMode": false,
  "scenes": [
    "809375a9-3539-4d99-8907-4e0bb59ffc70"
  ],
  "excludedModules": [
    "3D Physics/Builtin"
  ],
  "project": "/Users/mayank/code/github.com/maxc0d3r/musings",
  "projectName": "musings",
  "debugBuildWorker": false
}
2026-10-08T20:17:54.675Z - normal: Building /Users/mayank/code/github.com/maxc0d3r/musings
2026-10-08T20:17:54.675Z - normal: Destination /Users/mayank/code/github.com/maxc0d3r/musings/build/jsb-link
2026-10-08T20:17:54.732Z - normal: Start spawn build-worker
2026-10-08T20:17:55.784Z - normal: Finish spawn build-worker
2026-10-08T20:17:55.784Z - normal: Delete /Users/mayank/code/github.com/maxc0d3r/musings/build/jsb-link/assets/**/*,/Users/mayank/code/github.com/maxc0d3r/musings/build/jsb-link/remote/**/*,/Users/mayank/code/github.com/maxc0d3r/musings/build/jsb-link/src/**/*
2026-10-08T20:17:57.375Z - normal: Checked Python Version [2.7.18]
2026-10-08T20:17:59.024Z - normal: Creating native cocos project to  /Users/mayank/code/github.com/maxc0d3r/musings/build/jsb-link
2026-10-08T20:18:00.493Z - normal: Building 3D physics modules...
2026-10-08T20:18:18.006Z - normal: Compiling /Users/mayank/code/github.com/maxc0d3r/musings
2026-10-08T20:18:18.110Z - normal: Start init build-worker
2026-10-08T20:18:18.937Z - normal: Finish init build-worker
2026-10-08T20:18:18.937Z - normal: Start build-assets in worker
2026-10-08T20:18:18.938Z - normal: 
--- build-asset: {"root":"db://internal/resources","name":"internal","dest":"/Users/mayank/code/github.com/maxc0d3r/musings/build/jsb-link/assets/internal","scriptDest":"/Users/mayank/code/github.com/maxc0d3r/musings/build/jsb-link/assets/internal","priority":11,"scenes":[],"compressionType":"merge_all_json"}

2026-10-08T20:18:18.994Z - normal: 
--- build-asset: {"root":null,"priority":7,"dest":"/Users/mayank/code/github.com/maxc0d3r/musings/build/jsb-link/assets/main","scriptDest":"/Users/mayank/code/github.com/maxc0d3r/musings/build/jsb-link/assets/main","name":"main","scenes":["809375a9-3539-4d99-8907-4e0bb59ffc70"],"compressionType":"default","optimizeHotUpdate":false,"inlineSpriteFrames":true,"isRemote":false}

2026-10-08T20:18:18.995Z - info: Enable "Inline all SpriteFrames" in native platform will increase the package size used in hot update.
2026-10-08T20:18:19.003Z - normal: Finish build-assets in worker
2026-10-08T20:18:19.004Z - normal: Start building plugin scripts
2026-10-08T20:18:19.008Z - normal: Finish building plugin scripts
2026-10-08T20:18:19.011Z - normal: Generating main.js from /Applications/Cocos/Creator/2.4.15/CocosCreator.app/Contents/Resources/static/build-templates/shares/main.js
2026-10-08T20:18:19.056Z - normal: Built to "/Users/mayank/code/github.com/maxc0d3r/musings/build/jsb-link" successfully
2026-10-08T20:19:56.459Z - normal: Start building with options : {
  "title": "musings",
  "packageName": "org.cocos2d.demo",
  "startScene": "809375a9-3539-4d99-8907-4e0bb59ffc70",
  "excludeScenes": [],
  "orientation": {
    "landscapeRight": true,
    "landscapeLeft": true,
    "portrait": false,
    "upsideDown": false
  },
  "webOrientation": "auto",
  "inlineSpriteFrames": true,
  "inlineSpriteFrames_native": true,
  "mainCompressionType": "default",
  "mainIsRemote": false,
  "optimizeHotUpdate": false,
  "md5Cache": true,
  "encryptJs": true,
  "xxteaKey": "05ca506d-f95f-4d",
  "zipCompressJs": true,
  "fb-instant-games": {},
  "android": {
    "packageName": "org.cocos2d.demo",
    "REMOTE_SERVER_ROOT": ""
  },
  "ios": {
    "packageName": "org.cocos2d.demo",
    "REMOTE_SERVER_ROOT": "",
    "ios_enable_jit": true
  },
  "mac": {
    "packageName": "org.cocos2d.demo",
    "REMOTE_SERVER_ROOT": "",
    "width": 1280,
    "height": 720
  },
  "win32": {
    "REMOTE_SERVER_ROOT": "",
    "width": 1280,
    "height": 720
  },
  "android-instant": {
    "packageName": "org.cocos2d.demo",
    "REMOTE_SERVER_ROOT": "",
    "pathPattern": "",
    "scheme": "https",
    "host": "",
    "skipRecord": false,
    "recordPath": ""
  },
  "harmonyos-next": {
    "packageName": "org.cocos2d.demo",
    "REMOTE_SERVER_ROOT": "",
    "jsEngine": "JSVM"
  },
  "appBundle": false,
  "agreements": {},
  "platform": "android",
  "actualPlatform": "android",
  "template": "link",
  "buildPath": "/Users/mayank/code/github.com/maxc0d3r/musings/build",
  "debug": true,
  "sourceMaps": true,
  "embedWebDebugger": false,
  "previewWidth": "1280",
  "previewHeight": "720",
  "useDebugKeystore": true,
  "apiLevel": "",
  "appABIs": [],
  "vsVersion": "auto",
  "buildScriptsOnly": false,
  "dest": "/Users/mayank/code/github.com/maxc0d3r/musings/build/jsb-link",
  "separateEngineMode": false,
  "scenes": [
    "809375a9-3539-4d99-8907-4e0bb59ffc70"
  ],
  "excludedModules": [
    "3D Physics/Builtin"
  ],
  "project": "/Users/mayank/code/github.com/maxc0d3r/musings",
  "projectName": "musings",
  "debugBuildWorker": false
}
2026-10-08T20:19:56.459Z - normal: Building /Users/mayank/code/github.com/maxc0d3r/musings
2026-10-08T20:19:56.459Z - normal: Destination /Users/mayank/code/github.com/maxc0d3r/musings/build/jsb-link
2026-10-08T20:19:56.460Z - normal: Start spawn build-worker
2026-10-08T20:19:57.451Z - normal: Finish spawn build-worker
2026-10-08T20:19:57.451Z - normal: Delete /Users/mayank/code/github.com/maxc0d3r/musings/build/jsb-link/assets/**/*,/Users/mayank/code/github.com/maxc0d3r/musings/build/jsb-link/remote/**/*,/Users/mayank/code/github.com/maxc0d3r/musings/build/jsb-link/src/**/*
2026-10-08T20:19:57.457Z - error: Build Failed: Error: [NDK Root] is empty, please set [NDK Root] in Preferences.
    at a (/Applications/Cocos/Creator/2.4.15/CocosCreator.app/Contents/Resources/app.asar/editor/core/native-utils.ccc:1:2261)
    at /Applications/Cocos/Creator/2.4.15/CocosCreator.app/Contents/Resources/app.asar/editor/core/native-utils.ccc:1:2534
    at K (/Applications/Cocos/Creator/2.4.15/CocosCreator.app/Contents/Resources/app.asar/editor/core/native-utils.ccc:1:2794)
    at Object.build (/Applications/Cocos/Creator/2.4.15/CocosCreator.app/Contents/Resources/app.asar/editor/core/native-utils.ccc:1:20437)
    at /Applications/Cocos/Creator/2.4.15/CocosCreator.app/Contents/Resources/app.asar/editor/core/gulp-build.ccc:1:25668
    at taskWrapper (/Applications/Cocos/Creator/2.4.15/CocosCreator.app/Contents/Resources/app.asar/node_modules/undertaker/lib/set-task.js:13:15)
    at bound (domain.js:413:15)
    at runBound (domain.js:424:12)
    at asyncRunner (/Applications/Cocos/Creator/2.4.15/CocosCreator.app/Contents/Resources/app.asar/node_modules/async-done/index.js:55:18)
    at processTicksAndRejections (internal/process/task_queues.js:75:11)
    at /Applications/Cocos/Creator/2.4.15/CocosCreator.app/Contents/Resources/app.asar/editor/lib/builder/index.ccc:1:4014
    at wrapper (/Applications/Cocos/Creator/2.4.15/CocosCreator.app/Contents/Resources/app.asar/node_modules/async/dist/async.js:272:20)
    at next (/Applications/Cocos/Creator/2.4.15/CocosCreator.app/Contents/Resources/app.asar/node_modules/async/dist/async.js:4584:24)
    at /Applications/Cocos/Creator/2.4.15/CocosCreator.app/Contents/Resources/app.asar/node_modules/async/dist/async.js:325:20
    at /Applications/Cocos/Creator/2.4.15/CocosCreator.app/Contents/Resources/app.asar/editor/core/gulp-build.ccc:1:28028
    at /Applications/Cocos/Creator/2.4.15/CocosCreator.app/Contents/Resources/app.asar/editor/core/gulp-build.ccc:1:5999
    at Gulp.<anonymous> (/Applications/Cocos/Creator/2.4.15/CocosCreator.app/Contents/Resources/app.asar/editor/core/gulp-build.ccc:1:29130)
    at Object.onceWrapper (events.js:422:26)
    at Gulp.emit (events.js:315:20)
